[chatterbox] loading mlx-community/chatterbox-turbo-4bit ...
[chatterbox] ready (voice=default). Waiting for sentences...
[94mText:[0m This is Python Chatterbox speaking.
[94mVoice:[0m af_heart
[94mSpeed:[0m 1.0x
[94mLanguage:[0m en
S3 Token -> Mel Inference...

Starting audio stream...
✅ Audio successfully generated and saving as: /var/folders/p4/_5c2hphj46b4l57cbvdkzwz00000gn/T/vocal_chatterbox_000.wav
[94mText:[0m This is a test of the voice engine.
[94mVoice:[0m af_heart
[94mSpeed:[0m 1.0x
[94mLanguage:[0m en
S3 Token -> Mel Inference...

Starting audio stream...
✅ Audio successfully generated and saving as: /var/folders/p4/_5c2hphj46b4l57cbvdkzwz00000gn/T/vocal_chatterbox_000.wav
[94mText:[0m I hope you can hear me clearly.
[94mVoice:[0m af_heart
[94mSpeed:[0m 1.0x
[94mLanguage:[0m en
S3 Token -> Mel Inference...

Starting audio stream...
✅ Audio successfully generated and saving as: /var/folders/p4/_5c2hphj46b4l57cbvdkzwz00000gn/T/vocal_chatterbox_000.wav
[94mText:[0m Testing one two three.
[94mVoice:[0m af_heart
[94mSpeed:[0m 1.0x
[94mLanguage:[0m en
S3 Token -> Mel Inference...
✅ Audio successfully generated and saving as: /var/folders/p4/_5c2hphj46b4l57cbvdkzwz00000gn/T/vocal_chatterbox_000.wav

Starting audio stream...
[chatterbox] stdin closed. Exiting.
