[ChatterboxWorker] 🚀 Booting native Chatterbox engine...
[ChatterboxWorker] ⏳ Loading model: /Users/singupallikartik/.cache/huggingface/hub/models--mlx-community--chatterbox-turbo-4bit/snapshots/c63817725071d7b5269c7b558772d6e8cbf59cec
[Chatterbox] ✅ loaded (t3 24L/1024d, tokenizer=ok)
[ChatterboxWorker] ✅ Model loaded in 0.80s. Waiting for sentences...
[Chatterbox] T3 → 58 speech tokens (first 20: [3704, 4218, 1959, 1911, 883, 4606, 4429, 6374, 5149, 4451, 5905, 5645, 1080, 2184, 632, 4592, 6453, 1896, 4515, 2379])
[Chatterbox] S3 mel shape [1, 80, 116] range[-10.70, 1.02] frames=116
[Chatterbox] vocoder → 55620 samples (2.32 s)
[ChatterboxWorker] 🗣️ 2.3s audio in 1.57s — playing: "This is Swift Chatterbox speaking."
[Chatterbox] T3 → 49 speech tokens (first 20: [1736, 1753, 1914, 2263, 4444, 6373, 4500, 5418, 6381, 4600, 1680, 4515, 5838, 5108, 4457, 5644, 6376, 303, 1762, 3107])
[Chatterbox] S3 mel shape [1, 80, 98] range[-10.09, 0.80] frames=98
[Chatterbox] vocoder → 46980 samples (1.96 s)
[ChatterboxWorker] 🗣️ 2.0s audio in 1.41s — playing: "This is a test of the voice engine."
[Chatterbox] T3 → 45 speech tokens (first 20: [1813, 2031, 1946, 1460, 4463, 2227, 5346, 2873, 5087, 1434, 1677, 6479, 6073, 1056, 174, 2373, 2942, 4623, 2780, 3842])
[Chatterbox] S3 mel shape [1, 80, 90] range[-10.16, 0.73] frames=90
[Chatterbox] vocoder → 43140 samples (1.80 s)
[ChatterboxWorker] 🗣️ 1.8s audio in 1.35s — playing: "I hope you can hear me clearly."
[Chatterbox] T3 → 44 speech tokens (first 20: [3704, 4299, 1032, 4431, 5842, 2189, 2242, 6454, 4920, 2258, 3266, 6422, 2159, 1456, 2870, 4376, 2289, 5289, 1914, 4677])
[Chatterbox] S3 mel shape [1, 80, 88] range[-10.68, 0.68] frames=88
[Chatterbox] vocoder → 42180 samples (1.76 s)
[ChatterboxWorker] 🗣️ 1.8s audio in 1.31s — playing: "Testing one two three."
[ChatterboxWorker] 🛑 stdin closed. Freeing GPU memory and exiting.
